// Jest Snapshot v1, https://goo.gl/fbAQLP

exports[`compiles correctly 1`] = `
".tp-alert {
  display: flex;
  font-size: 14px;
  line-height: 20px;
  text-align: left;
  padding: 12px 16px;
  color: #fff;
  background: #d3d4d5;
  font-weight: 700;
  border-radius: 4px;
}
.tp-alert a {
  text-decoration: underline;
  cursor: pointer;
  color: #fff;
  fill: #fff;
}
.tp-alert a:hover {
  color: #fff;
  opacity: 0.7;
}
.tp-alert--banner {
  display: block;
  text-align: center;
  border-radius: 0;
}
.tp-alert--good-news {
  background: #2db783;
}
.tp-alert--bad-news {
  background: #ff5a5f;
}
.tp-alert--warning {
  background: #ffebb3;
  color: #714601;
}
.tp-alert--warning a,
.tp-alert--warning a:hover {
  color: #714601;
  fill: #714601;
}
.tp-alert--note {
  background: #009fd9;
}
.tp-alert__text {
  align-self: center;
}
.tp-alert__icon {
  fill: currentColor;
  flex: none;
  margin-right: 12px;
  top: -1px;
}
.tp-alert__icon,
.tp-avatar {
  position: relative;
}
.tp-avatar__img {
  border-radius: 50%;
  width: 100%;
  height: 100%;
  -o-object-fit: cover;
  object-fit: cover;
}
.tp-avatar--xsmall {
  width: 20px;
  height: 20px;
}
.tp-avatar--small {
  width: 32px;
  height: 32px;
}
.tp-avatar--small .tp-avatar__badge {
  font-size: 10px;
  top: -2px;
  right: -4px;
  width: 20px;
  height: 20px;
}
.tp-avatar--medium {
  width: 48px;
  height: 48px;
}
.tp-avatar--medium .tp-avatar__badge {
  font-size: 10px;
  top: -2px;
  right: -2px;
  width: 20px;
  height: 20px;
}
.tp-avatar--large {
  width: 72px;
  height: 72px;
}
.tp-avatar--large .tp-avatar__badge {
  font-size: 12px;
  right: 0;
  width: 24px;
  height: 24px;
}
.tp-avatar--xlarge {
  width: 124px;
  height: 124px;
}
.tp-avatar--xlarge .tp-avatar__badge {
  font-size: 15px;
  right: 6px;
  width: 30px;
  height: 30px;
}
.tp-avatar__badge {
  color: #fff;
  position: absolute;
  top: 0;
  border-radius: 50%;
  border: 2px solid #fff;
  font-weight: 700;
  display: flex;
  justify-content: center;
  align-items: center;
}
.tp-avatar__badge--hired {
  background: #2db783;
}
.tp-avatar__badge--notification {
  background: #ff5a5f;
}
.tp-button {
  box-sizing: border-box;
  display: inline-block;
  vertical-align: middle;
  white-space: nowrap;
  font-family: inherit;
  cursor: pointer;
  margin: 0;
  line-height: 24px;
  font-size: 16px;
  font-weight: 700;
  -webkit-user-select: none;
  -moz-user-select: none;
  -ms-user-select: none;
  user-select: none;
  border-radius: 4px;
  padding: 12px 22px;
  overflow: visible;
  min-height: 52px;
  background-color: #009fd9;
  border: 2px solid transparent;
  color: #fff;
}
.tp-button:active,
.tp-button:hover {
  color: #fff;
}
.tp-button:focus {
  outline: none;
  text-decoration: underline;
  color: #fff;
  background-color: #007fad;
  border-color: #007fad;
}
.tp-button--secondary {
  background-color: #fff;
  border-color: #d3d4d5;
  color: #009fd9;
}
.tp-button--secondary:active,
.tp-button--secondary:hover {
  color: #009fd9;
}
.tp-button--secondary:focus {
  color: #007fad;
  background-color: #fff;
  border-color: #d3d4d5;
}
.tp-button--tertiary {
  background-color: #fff;
  border-color: #d3d4d5;
  color: #676d73;
}
.tp-button--tertiary:active,
.tp-button--tertiary:hover {
  color: #676d73;
}
.tp-button--tertiary:focus {
  color: #676d73;
  background-color: #fff;
  border-color: #676d73;
}
.tp-button--caution {
  background-color: #fff;
  border-color: #d3d4d5;
  color: #ff5a5f;
}
.tp-button--caution:active,
.tp-button--caution:hover {
  color: #ff5a5f;
}
.tp-button--caution:focus {
  color: #b22d31;
  background-color: #fff;
  border-color: #d3d4d5;
}
.tp-button--solid {
  background-color: #fff;
  border-color: #fff;
  color: #2f3033;
}
.tp-button--solid:active,
.tp-button--solid:hover {
  color: #2f3033;
}
.tp-button--solid:focus {
  color: #2f3033;
  background-color: #fff;
  border-color: #fff;
}
.tp-button--line {
  background-color: transparent;
  border-color: #fff;
  color: #fff;
}
.tp-button--line:active,
.tp-button--line:focus,
.tp-button--line:hover {
  background-color: hsla(0, 0%, 100%, 0.2);
  color: #fff;
}
.tp-button--clear,
.tp-button--clear:active,
.tp-button--clear:focus,
.tp-button--clear:hover {
  color: #009fd9;
  background: none;
  border-color: transparent;
}
.tp-button--full,
.tp-button--full-below-small {
  width: 100%;
  text-align: center;
}
@media (min-width: 482px) {
  .tp-button--full-below-small {
    width: auto;
  }
}
.tp-button--small {
  font-size: 14px;
  line-height: 20px;
  padding-top: 8px;
  padding-bottom: 8px;
  min-height: 40px;
}
.tp-button--disabled,
.tp-button--disabled:active,
.tp-button--disabled:focus,
.tp-button--disabled:hover,
.tp-button--disabled:visited,
.tp-button[disabled],
.tp-button[disabled]:active,
.tp-button[disabled]:focus,
.tp-button[disabled]:hover,
.tp-button[disabled]:visited {
  cursor: default;
  color: #fff;
  background-color: #79d2f2;
  border-color: #79d2f2;
}
.tp-button--disabled.tp-button--secondary,
.tp-button--disabled:active.tp-button--secondary,
.tp-button--disabled:focus.tp-button--secondary,
.tp-button--disabled:hover.tp-button--secondary,
.tp-button--disabled:visited.tp-button--secondary,
.tp-button[disabled].tp-button--secondary,
.tp-button[disabled]:active.tp-button--secondary,
.tp-button[disabled]:focus.tp-button--secondary,
.tp-button[disabled]:hover.tp-button--secondary,
.tp-button[disabled]:visited.tp-button--secondary {
  color: #79d2f2;
  background-color: #fff;
  border-color: #d3d4d5;
}
.tp-button--disabled.tp-button--tertiary,
.tp-button--disabled:active.tp-button--tertiary,
.tp-button--disabled:focus.tp-button--tertiary,
.tp-button--disabled:hover.tp-button--tertiary,
.tp-button--disabled:visited.tp-button--tertiary,
.tp-button[disabled].tp-button--tertiary,
.tp-button[disabled]:active.tp-button--tertiary,
.tp-button[disabled]:focus.tp-button--tertiary,
.tp-button[disabled]:hover.tp-button--tertiary,
.tp-button[disabled]:visited.tp-button--tertiary {
  color: #d3d4d5;
  background-color: #fff;
  border-color: #d3d4d5;
}
.tp-button--disabled.tp-button--caution,
.tp-button--disabled:active.tp-button--caution,
.tp-button--disabled:focus.tp-button--caution,
.tp-button--disabled:hover.tp-button--caution,
.tp-button--disabled:visited.tp-button--caution,
.tp-button[disabled].tp-button--caution,
.tp-button[disabled]:active.tp-button--caution,
.tp-button[disabled]:focus.tp-button--caution,
.tp-button[disabled]:hover.tp-button--caution,
.tp-button[disabled]:visited.tp-button--caution {
  color: #ffb0b0;
  background-color: #fff;
  border-color: #d3d4d5;
}
.tp-button--disabled.tp-button--solid,
.tp-button--disabled:active.tp-button--solid,
.tp-button--disabled:focus.tp-button--solid,
.tp-button--disabled:hover.tp-button--solid,
.tp-button--disabled:visited.tp-button--solid,
.tp-button[disabled].tp-button--solid,
.tp-button[disabled]:active.tp-button--solid,
.tp-button[disabled]:focus.tp-button--solid,
.tp-button[disabled]:hover.tp-button--solid,
.tp-button[disabled]:visited.tp-button--solid {
  color: #676d73;
  background-color: hsla(0, 0%, 100%, 0.5);
  border-color: transparent;
}
.tp-button--disabled.tp-button--clear,
.tp-button--disabled:active.tp-button--clear,
.tp-button--disabled:focus.tp-button--clear,
.tp-button--disabled:hover.tp-button--clear,
.tp-button--disabled:visited.tp-button--clear,
.tp-button[disabled].tp-button--clear,
.tp-button[disabled]:active.tp-button--clear,
.tp-button[disabled]:focus.tp-button--clear,
.tp-button[disabled]:hover.tp-button--clear,
.tp-button[disabled]:visited.tp-button--clear {
  background-color: transparent;
  border-color: transparent;
  color: #d3d4d5;
}
.tp-button--disabled.tp-button--line,
.tp-button--disabled.tp-button--reverse,
.tp-button--disabled:active.tp-button--line,
.tp-button--disabled:active.tp-button--reverse,
.tp-button--disabled:focus.tp-button--line,
.tp-button--disabled:focus.tp-button--reverse,
.tp-button--disabled:hover.tp-button--line,
.tp-button--disabled:hover.tp-button--reverse,
.tp-button--disabled:visited.tp-button--line,
.tp-button--disabled:visited.tp-button--reverse,
.tp-button[disabled].tp-button--line,
.tp-button[disabled].tp-button--reverse,
.tp-button[disabled]:active.tp-button--line,
.tp-button[disabled]:active.tp-button--reverse,
.tp-button[disabled]:focus.tp-button--line,
.tp-button[disabled]:focus.tp-button--reverse,
.tp-button[disabled]:hover.tp-button--line,
.tp-button[disabled]:hover.tp-button--reverse,
.tp-button[disabled]:visited.tp-button--line,
.tp-button[disabled]:visited.tp-button--reverse {
  background-color: transparent;
  color: #fff;
  border-color: #fff;
  opacity: 0.35;
}
.tp-button-reset {
  padding: 0;
  background: none;
  border: none;
}
.tp-button-reset:active {
  outline: none;
}
.tp-button--reset {
  padding: 0;
  background: none;
  border: none;
}
.tp-button--reset:active {
  outline: none;
}
.tp-button-icon {
  display: flex;
  flex-direction: row;
  align-items: center;
  justify-content: center;
}
.tp-button-icon__icon {
  flex: none;
  margin: 0 12px 0 0;
  fill: currentColor;
}
.tp-button-row {
  display: flex;
}
.tp-button-row .tp-button {
  margin-right: 8px;
}
.tp-button-row .tp-button:last-child {
  margin-right: 0;
}
.tp-button-row--right {
  justify-content: flex-end;
}
.tp-button-row--right .tp-button {
  margin-right: 0;
  margin-left: 8px;
}
.tp-button-row--right .tp-button:first-child {
  margin-left: 0;
}
.tp-button-row--center {
  justify-content: center;
}
.tp-button-row--center .tp-button {
  margin-left: 4px;
  margin-right: 4px;
}
.tp-button-row--center .tp-button:first-child {
  margin-left: 0;
}
.tp-button-row__left {
  margin-right: auto;
}
.tp-button-row__right {
  margin-left: auto;
}
.tp-checkbox-wrap {
  position: relative;
}
.tp-checkbox-wrap .tp-label {
  padding-left: 28px;
  font-weight: 400;
  cursor: pointer;
  position: relative;
}
.tp-checkbox-wrap + .tp-checkbox-wrap {
  margin-top: 8px;
}
.tp-checkbox-input {
  position: absolute;
  opacity: 0;
  z-index: -1;
  width: 1px;
  height: 1px;
}
.tp-checkbox-input ~ .tp-label {
  margin-bottom: 0;
}
.tp-checkbox-input:focus + .tp-checkbox-image {
  box-shadow: 0 0 0 4px #e9eced;
}
.tp-checkbox-input.tp-checkbox-input--bad-news + .tp-checkbox-image {
  border-color: #ff5a5f;
}
.tp-checkbox-input:checked + .tp-checkbox-image:after {
  content: \\"\\";
  display: block;
  height: 18px;
  width: 18px;
}
.tp-checkbox-input:checked:not(:disabled):not(.tp-checkbox-input--bad-news)
  + .tp-checkbox-image {
  border-color: #009fd9;
  background-color: #009fd9;
}
.tp-checkbox-input:checked:not(:disabled):not(.tp-checkbox-input--bad-news)
  + .tp-checkbox-image:after {
  background-image: url(\\"data:image/svg+xml;charset=utf-8,%3Csvg xmlns='http://www.w3.org/2000/svg' fill='%23fff' width='18' height='18'%3E%3Cpath fill-rule='evenodd' d='M14.581 3.198c-.449-.341-1.075-.23-1.396.248L8.017 11.14 4.528 8.832c-.47-.31-1.086-.158-1.378.34-.29.5-.147 1.155.322 1.466L8.554 14l6.26-9.318c.321-.478.216-1.143-.233-1.484'/%3E%3C/svg%3E\\");
  background-position: 50%;
}
.tp-checkbox-input:checked.tp-checkbox-input--bad-news
  + .tp-checkbox-image:after {
  background-image: url(\\"data:image/svg+xml;charset=utf-8,%3Csvg xmlns='http://www.w3.org/2000/svg' fill='%23ff5a5f' width='18' height='18'%3E%3Cpath fill-rule='evenodd' d='M14.581 3.198c-.449-.341-1.075-.23-1.396.248L8.017 11.14 4.528 8.832c-.47-.31-1.086-.158-1.378.34-.29.5-.147 1.155.322 1.466L8.554 14l6.26-9.318c.321-.478.216-1.143-.233-1.484'/%3E%3C/svg%3E\\");
  background-position: 50%;
}
.tp-checkbox-input:checked:disabled + .tp-checkbox-image {
  background-color: #fafafa;
}
.tp-checkbox-input:checked:disabled + .tp-checkbox-image:after {
  background-image: url(\\"data:image/svg+xml;charset=utf-8,%3Csvg xmlns='http://www.w3.org/2000/svg' fill='%23d3d4d5' width='18' height='18'%3E%3Cpath fill-rule='evenodd' d='M14.581 3.198c-.449-.341-1.075-.23-1.396.248L8.017 11.14 4.528 8.832c-.47-.31-1.086-.158-1.378.34-.29.5-.147 1.155.322 1.466L8.554 14l6.26-9.318c.321-.478.216-1.143-.233-1.484'/%3E%3C/svg%3E\\");
  background-position: 50%;
}
.tp-checkbox-image {
  width: 20px;
  height: 20px;
  background: #fff;
  border: 2px solid #d3d4d5;
  position: absolute;
  border-radius: 4px;
  top: 2px;
  left: 0;
  display: flex;
  align-items: center;
  justify-content: center;
}
.tp-form-note {
  margin-top: 4px;
  font-size: 12px;
}
.tp-form-note--bad-news {
  color: #ff5a5f;
}
.tp-grid {
  box-sizing: border-box;
  display: flex;
  flex: 0 1 auto;
  flex-direction: row;
  flex-wrap: wrap;
  margin-left: -16px;
}
.tp-grid--narrow {
  margin-left: -8px;
}
.tp-grid--narrow .tp-col {
  padding-left: 8px;
}
.tp-grid--wide {
  margin-left: -32px;
}
.tp-grid--wide .tp-col {
  padding-left: 32px;
}
.tp-grid--flush {
  margin-left: 0;
  margin-right: 0;
}
.tp-grid--flush .tp-col {
  padding-left: 0;
  padding-right: 0;
}
.tp-grid--row-reverse {
  flex-direction: row-reverse;
}
.tp-grid--column-reverse {
  flex-direction: column-reverse;
}
.tp-grid--start {
  justify-content: flex-start;
}
.tp-grid--center {
  justify-content: center;
}
.tp-grid--end {
  justify-content: flex-end;
}
.tp-grid--top {
  align-items: flex-start;
}
.tp-grid--middle {
  align-items: center;
}
.tp-grid--bottom {
  align-items: flex-end;
}
.tp-grid--around {
  justify-content: space-around;
}
.tp-grid--between {
  justify-content: space-between;
}
.tp-col {
  box-sizing: border-box;
  flex: 0 0 auto;
  padding-left: 16px;
}
.tp-col--1 {
  flex-basis: 8.33333333%;
  max-width: 8.33333333%;
}
.tp-col--2 {
  flex-basis: 16.66666667%;
  max-width: 16.66666667%;
}
.tp-col--3 {
  flex-basis: 25%;
  max-width: 25%;
}
.tp-col--4 {
  flex-basis: 33.33333333%;
  max-width: 33.33333333%;
}
.tp-col--5 {
  flex-basis: 41.66666667%;
  max-width: 41.66666667%;
}
.tp-col--6 {
  flex-basis: 50%;
  max-width: 50%;
}
.tp-col--7 {
  flex-basis: 58.33333333%;
  max-width: 58.33333333%;
}
.tp-col--8 {
  flex-basis: 66.66666667%;
  max-width: 66.66666667%;
}
.tp-col--9 {
  flex-basis: 75%;
  max-width: 75%;
}
.tp-col--10 {
  flex-basis: 83.33333333%;
  max-width: 83.33333333%;
}
.tp-col--11 {
  flex-basis: 91.66666667%;
  max-width: 91.66666667%;
}
.tp-col--12 {
  flex-basis: 100%;
  max-width: 100%;
}
.tp-col--offset-0 {
  margin-left: 0;
}
.tp-col--offset-1 {
  margin-left: 8.33333333%;
}
.tp-col--offset-2 {
  margin-left: 16.66666667%;
}
.tp-col--offset-3 {
  margin-left: 25%;
}
.tp-col--offset-4 {
  margin-left: 33.33333333%;
}
.tp-col--offset-5 {
  margin-left: 41.66666667%;
}
.tp-col--offset-6 {
  margin-left: 50%;
}
.tp-col--offset-7 {
  margin-left: 58.33333333%;
}
.tp-col--offset-8 {
  margin-left: 66.66666667%;
}
.tp-col--offset-9 {
  margin-left: 75%;
}
.tp-col--offset-10 {
  margin-left: 83.33333333%;
}
.tp-col--offset-11 {
  margin-left: 91.66666667%;
}
.tp-col--first {
  order: -1;
}
.tp-col--last {
  order: 1;
}
.tp-col--flex {
  flex: 1 auto;
}
@media (min-width: 482px) {
  .tp-grid--sm-start {
    justify-content: flex-start;
  }
  .tp-grid--sm-center {
    justify-content: center;
  }
  .tp-grid--sm-end {
    justify-content: flex-end;
  }
  .tp-grid--sm-top {
    align-items: flex-start;
  }
  .tp-grid--sm-middle {
    align-items: center;
  }
  .tp-grid--sm-bottom {
    align-items: flex-end;
  }
  .tp-grid--sm-around {
    justify-content: space-around;
  }
  .tp-grid--sm-between {
    justify-content: space-between;
  }
  .tp-col--sm {
    flex-grow: 1;
    flex-basis: 0;
    max-width: 100%;
  }
  .tp-col--sm-1 {
    flex-basis: 8.33333333%;
    max-width: 8.33333333%;
  }
  .tp-col--sm-2 {
    flex-basis: 16.66666667%;
    max-width: 16.66666667%;
  }
  .tp-col--sm-3 {
    flex-basis: 25%;
    max-width: 25%;
  }
  .tp-col--sm-4 {
    flex-basis: 33.33333333%;
    max-width: 33.33333333%;
  }
  .tp-col--sm-5 {
    flex-basis: 41.66666667%;
    max-width: 41.66666667%;
  }
  .tp-col--sm-6 {
    flex-basis: 50%;
    max-width: 50%;
  }
  .tp-col--sm-7 {
    flex-basis: 58.33333333%;
    max-width: 58.33333333%;
  }
  .tp-col--sm-8 {
    flex-basis: 66.66666667%;
    max-width: 66.66666667%;
  }
  .tp-col--sm-9 {
    flex-basis: 75%;
    max-width: 75%;
  }
  .tp-col--sm-10 {
    flex-basis: 83.33333333%;
    max-width: 83.33333333%;
  }
  .tp-col--sm-11 {
    flex-basis: 91.66666667%;
    max-width: 91.66666667%;
  }
  .tp-col--sm-12 {
    flex-basis: 100%;
    max-width: 100%;
  }
  .tp-col--sm-offset-0 {
    margin-left: 0;
  }
  .tp-col--sm-offset-1 {
    margin-left: 8.33333333%;
  }
  .tp-col--sm-offset-2 {
    margin-left: 16.66666667%;
  }
  .tp-col--sm-offset-3 {
    margin-left: 25%;
  }
  .tp-col--sm-offset-4 {
    margin-left: 33.33333333%;
  }
  .tp-col--sm-offset-5 {
    margin-left: 41.66666667%;
  }
  .tp-col--sm-offset-6 {
    margin-left: 50%;
  }
  .tp-col--sm-offset-7 {
    margin-left: 58.33333333%;
  }
  .tp-col--sm-offset-8 {
    margin-left: 66.66666667%;
  }
  .tp-col--sm-offset-9 {
    margin-left: 75%;
  }
  .tp-col--sm-offset-10 {
    margin-left: 83.33333333%;
  }
  .tp-col--sm-offset-11 {
    margin-left: 91.66666667%;
  }
  .tp-col--sm-first {
    order: -1;
  }
  .tp-col--sm-last {
    order: 1;
  }
}
@media (min-width: 701px) {
  .tp-grid--md-start {
    justify-content: flex-start;
  }
  .tp-grid--md-center {
    justify-content: center;
  }
  .tp-grid--md-end {
    justify-content: flex-end;
  }
  .tp-grid--md-top {
    align-items: flex-start;
  }
  .tp-grid--md-middle {
    align-items: center;
  }
  .tp-grid--md-bottom {
    align-items: flex-end;
  }
  .tp-grid--md-around {
    justify-content: space-around;
  }
  .tp-grid--md-between {
    justify-content: space-between;
  }
  .tp-col--md {
    flex-grow: 1;
    flex-basis: 0;
    max-width: 100%;
  }
  .tp-col--md-1 {
    flex-basis: 8.33333333%;
    max-width: 8.33333333%;
  }
  .tp-col--md-2 {
    flex-basis: 16.66666667%;
    max-width: 16.66666667%;
  }
  .tp-col--md-3 {
    flex-basis: 25%;
    max-width: 25%;
  }
  .tp-col--md-4 {
    flex-basis: 33.33333333%;
    max-width: 33.33333333%;
  }
  .tp-col--md-5 {
    flex-basis: 41.66666667%;
    max-width: 41.66666667%;
  }
  .tp-col--md-6 {
    flex-basis: 50%;
    max-width: 50%;
  }
  .tp-col--md-7 {
    flex-basis: 58.33333333%;
    max-width: 58.33333333%;
  }
  .tp-col--md-8 {
    flex-basis: 66.66666667%;
    max-width: 66.66666667%;
  }
  .tp-col--md-9 {
    flex-basis: 75%;
    max-width: 75%;
  }
  .tp-col--md-10 {
    flex-basis: 83.33333333%;
    max-width: 83.33333333%;
  }
  .tp-col--md-11 {
    flex-basis: 91.66666667%;
    max-width: 91.66666667%;
  }
  .tp-col--md-12 {
    flex-basis: 100%;
    max-width: 100%;
  }
  .tp-col--md-offset-0 {
    margin-left: 0;
  }
  .tp-col--md-offset-1 {
    margin-left: 8.33333333%;
  }
  .tp-col--md-offset-2 {
    margin-left: 16.66666667%;
  }
  .tp-col--md-offset-3 {
    margin-left: 25%;
  }
  .tp-col--md-offset-4 {
    margin-left: 33.33333333%;
  }
  .tp-col--md-offset-5 {
    margin-left: 41.66666667%;
  }
  .tp-col--md-offset-6 {
    margin-left: 50%;
  }
  .tp-col--md-offset-7 {
    margin-left: 58.33333333%;
  }
  .tp-col--md-offset-8 {
    margin-left: 66.66666667%;
  }
  .tp-col--md-offset-9 {
    margin-left: 75%;
  }
  .tp-col--md-offset-10 {
    margin-left: 83.33333333%;
  }
  .tp-col--md-offset-11 {
    margin-left: 91.66666667%;
  }
  .tp-col--md-first {
    order: -1;
  }
  .tp-col--md-last {
    order: 1;
  }
}
@media (min-width: 1026px) {
  .tp-grid--lg-start {
    justify-content: flex-start;
  }
  .tp-grid--lg-center {
    justify-content: center;
  }
  .tp-grid--lg-end {
    justify-content: flex-end;
  }
  .tp-grid--lg-top {
    align-items: flex-start;
  }
  .tp-grid--lg-middle {
    align-items: center;
  }
  .tp-grid--lg-bottom {
    align-items: flex-end;
  }
  .tp-grid--lg-around {
    justify-content: space-around;
  }
  .tp-grid--lg-between {
    justify-content: space-between;
  }
  .tp-col--lg {
    flex-grow: 1;
    flex-basis: 0;
    max-width: 100%;
  }
  .tp-col--lg-1 {
    flex-basis: 8.33333333%;
    max-width: 8.33333333%;
  }
  .tp-col--lg-2 {
    flex-basis: 16.66666667%;
    max-width: 16.66666667%;
  }
  .tp-col--lg-3 {
    flex-basis: 25%;
    max-width: 25%;
  }
  .tp-col--lg-4 {
    flex-basis: 33.33333333%;
    max-width: 33.33333333%;
  }
  .tp-col--lg-5 {
    flex-basis: 41.66666667%;
    max-width: 41.66666667%;
  }
  .tp-col--lg-6 {
    flex-basis: 50%;
    max-width: 50%;
  }
  .tp-col--lg-7 {
    flex-basis: 58.33333333%;
    max-width: 58.33333333%;
  }
  .tp-col--lg-8 {
    flex-basis: 66.66666667%;
    max-width: 66.66666667%;
  }
  .tp-col--lg-9 {
    flex-basis: 75%;
    max-width: 75%;
  }
  .tp-col--lg-10 {
    flex-basis: 83.33333333%;
    max-width: 83.33333333%;
  }
  .tp-col--lg-11 {
    flex-basis: 91.66666667%;
    max-width: 91.66666667%;
  }
  .tp-col--lg-12 {
    flex-basis: 100%;
    max-width: 100%;
  }
  .tp-col--lg-offset-0 {
    margin-left: 0;
  }
  .tp-col--lg-offset-1 {
    margin-left: 8.33333333%;
  }
  .tp-col--lg-offset-2 {
    margin-left: 16.66666667%;
  }
  .tp-col--lg-offset-3 {
    margin-left: 25%;
  }
  .tp-col--lg-offset-4 {
    margin-left: 33.33333333%;
  }
  .tp-col--lg-offset-5 {
    margin-left: 41.66666667%;
  }
  .tp-col--lg-offset-6 {
    margin-left: 50%;
  }
  .tp-col--lg-offset-7 {
    margin-left: 58.33333333%;
  }
  .tp-col--lg-offset-8 {
    margin-left: 66.66666667%;
  }
  .tp-col--lg-offset-9 {
    margin-left: 75%;
  }
  .tp-col--lg-offset-10 {
    margin-left: 83.33333333%;
  }
  .tp-col--lg-offset-11 {
    margin-left: 91.66666667%;
  }
  .tp-col--lg-first {
    order: -1;
  }
  .tp-col--lg-last {
    order: 1;
  }
}
.tp-rule {
  border: 0;
  height: 0;
  border-top: 1px solid #d3d4d5;
  margin-top: 7px;
  margin-bottom: 8px;
}
.tp-rule--dotted {
  border-top-style: dotted;
}
.tp-rule--dashed {
  border-top-style: dashed;
}
.tp-text-input {
  width: 100%;
  background-color: #fff;
  border: 1px solid #d3d4d5;
  border-radius: 4px;
  padding: 13px 15px;
  font-size: 16px;
  vertical-align: middle;
  line-height: 24px;
}
.tp-text-input::-webkit-input-placeholder {
  color: #676d73;
}
.tp-text-input::-moz-placeholder {
  color: #676d73;
}
.tp-text-input:-ms-input-placeholder {
  color: #676d73;
}
.tp-text-input--small {
  line-height: 20px;
  padding: 9px 15px;
  font-size: 14px;
}
.tp-text-input:focus {
  outline: none;
  color: #2f3033;
  border-color: #009fd9;
}
.tp-text-input--bad-news {
  color: #ff5a5f;
  border-color: #ff5a5f;
}
.tp-text-input--bad-news::-webkit-input-placeholder {
  color: #ff5a5f;
}
.tp-text-input--bad-news::-moz-placeholder {
  color: #ff5a5f;
}
.tp-text-input--bad-news:-ms-input-placeholder {
  color: #ff5a5f;
}
.tp-text-input--disabled,
.tp-text-input[disabled] {
  background-color: #fafafa;
  color: #d3d4d5;
}
.tp-text-input::-ms-clear,
.tp-text-input::-webkit-search-cancel-button,
.tp-text-input::-webkit-search-decoration,
.tp-text-input::-webkit-search-results-button,
.tp-text-input::-webkit-search-results-decoration {
  display: none;
}
:root .tp-text-input,
_:-ms-fullscreen {
  min-height: 50px;
}
:root .tp-text-input--small,
_:-ms-fullscreen {
  min-height: 38px;
}
.tp-input-icon {
  position: relative;
}
.tp-input-icon__icon {
  position: absolute;
  top: 50%;
  transform: translateY(-50%);
}
.tp-input-icon--left .tp-text-input {
  padding-left: 56px;
}
.tp-input-icon--left .tp-text-input--small {
  padding-left: 46px;
}
.tp-input-icon--left .tp-input-icon__icon {
  left: 17px;
}
.tp-input-icon--right .tp-text-input {
  padding-right: 56px;
}
.tp-input-icon--right .tp-text-input--small {
  padding-right: 46px;
}
.tp-input-icon--right .tp-input-icon__icon {
  right: 17px;
}
.tp-input-row {
  position: relative;
  z-index: 0;
  display: flex;
}
.tp-input-row > * {
  margin-left: 0;
  border-radius: 0;
}
.tp-input-row > :not(:first-child) {
  margin-left: -2px;
}
.tp-input-row > :focus,
.tp-input-row > :hover {
  position: relative;
}
.tp-input-row > :first-child {
  border-radius: 4px 0 0 4px;
}
.tp-input-row > :last-child {
  border-radius: 0 4px 4px 0;
}
.tp-input-row--bleed > :first-child,
.tp-input-row--bleed > :last-child {
  border-radius: 0;
}
.tp-input-row--divider > .tp-button:not(:first-child) {
  border-left-color: #007fad;
}
.tp-input-row .tp-text-input {
  flex: 1;
}
.tp-input-row .tp-button {
  position: relative;
}
.tp-input-row .tp-button:focus {
  z-index: 1;
}
.tp-input-row--button-stretch .tp-text-input {
  flex: 3;
}
.tp-input-row--button-stretch .tp-button {
  flex: 1;
}
.tp-label {
  display: block;
  margin-bottom: 4px;
  font-weight: 700;
}
.tp-label--bad-news {
  color: #ff5a5f;
}
.tp-label--disabled {
  color: #d3d4d5;
  cursor: default !important;
}
.tp-link {
  fill: #009fd9;
  cursor: pointer;
}
.tp-link,
.tp-link:active,
.tp-link:hover {
  color: #009fd9;
}
.tp-link--secondary {
  color: #676d73;
  fill: #676d73;
  cursor: pointer;
}
.tp-link--secondary:active,
.tp-link--secondary:hover {
  color: #676d73;
}
.tp-link--tertiary {
  color: #fff;
  fill: #fff;
  text-decoration: underline;
  cursor: pointer;
}
.tp-link--tertiary:hover {
  color: #fff;
}
.tp-link--tertiary:focus {
  outline: auto;
}
.tp-link--tertiary:active {
  color: #fff;
}
.tp-link--inherit,
.tp-link--inherit:active,
.tp-link--inherit:hover,
.tp-link--inherit:link,
.tp-link--inherit:visited {
  color: inherit;
  fill: inherit;
}
.tp-link--disabled,
.tp-link--disabled:active,
.tp-link--disabled:hover,
.tp-link--disabled:link,
.tp-link--disabled:visited {
  color: #2f3033;
  opacity: 0.5;
  cursor: default;
  pointer-events: none;
}
.tp-link--dark {
  color: #2f3033;
  fill: #2f3033;
  cursor: pointer;
}
.tp-link--dark:hover {
  color: #009fd9;
}
.tp-link--dark:active {
  color: #2f3033;
}
.tp-link--muted {
  color: #676d73;
  fill: #676d73;
  cursor: pointer;
}
.tp-link--muted:hover {
  color: #009fd9;
}
.tp-link--muted:active {
  color: #676d73;
}
.tp-link--bad-news {
  color: #ff5a5f;
  fill: #ff5a5f;
  cursor: pointer;
}
.tp-link--bad-news:active,
.tp-link--bad-news:hover {
  color: #ff8d90;
}
.tp-link--reverse {
  color: #fff;
  fill: #fff;
  cursor: pointer;
}
.tp-link--reverse:active,
.tp-link--reverse:focus,
.tp-link--reverse:hover {
  color: #fff;
  opacity: 0.7;
}
.tp-link--underline {
  text-decoration: underline;
}
.tp-list {
  margin-bottom: 12px;
  margin-left: 24px;
}
.tp-list > li {
  padding-left: 4px;
}
@media (min-width: 482px) {
  .tp-list > li {
    padding-left: 12px;
  }
}
.tp-list--disc {
  list-style-type: disc;
}
.tp-list--decimal {
  list-style-type: decimal;
}
.tp-list--lower-alpha {
  list-style-type: lower-alpha;
}
.tp-list--spaced > li {
  margin-bottom: 4px;
}
@-webkit-keyframes tp-loader-animation-1 {
  0%,
  70%,
  to {
    opacity: 0.2;
  }
  30% {
    opacity: 1;
  }
}
@keyframes tp-loader-animation-1 {
  0%,
  70%,
  to {
    opacity: 0.2;
  }
  30% {
    opacity: 1;
  }
}
@-webkit-keyframes tp-loader-animation-2 {
  0%,
  15%,
  85%,
  to {
    opacity: 0.2;
  }
  45% {
    opacity: 1;
  }
}
@keyframes tp-loader-animation-2 {
  0%,
  15%,
  85%,
  to {
    opacity: 0.2;
  }
  45% {
    opacity: 1;
  }
}
@-webkit-keyframes tp-loader-animation-3 {
  0%,
  30%,
  to {
    opacity: 0.2;
  }
  60% {
    opacity: 1;
  }
}
@keyframes tp-loader-animation-3 {
  0%,
  30%,
  to {
    opacity: 0.2;
  }
  60% {
    opacity: 1;
  }
}
.tp-loader {
  display: flex;
  justify-content: center;
  list-style: none;
  padding: 0;
  margin: 0;
}
.tp-loader > li {
  width: 16px;
  height: 16px;
  border-radius: 50%;
  -webkit-animation: tp-loader-animation-1 1.3s ease-in infinite;
  animation: tp-loader-animation-1 1.3s ease-in infinite;
  background: #009fd9;
  opacity: 0;
  -moz-transform: rotate(0.1deg);
}
.tp-loader > li:nth-child(2) {
  -webkit-animation-name: tp-loader-animation-2;
  animation-name: tp-loader-animation-2;
  margin-left: 10px;
  margin-right: 10px;
}
.tp-loader > li:nth-child(3) {
  -webkit-animation-name: tp-loader-animation-3;
  animation-name: tp-loader-animation-3;
}
.tp-loader--small > li {
  width: 8px;
  height: 8px;
}
.tp-loader--small > li:nth-child(2) {
  margin-left: 5px;
  margin-right: 5px;
}
.tp-loader--inverse > li {
  background: #fff;
}
.tp-loader--muted > li {
  background: #d3d4d5;
}
.tp-longread h1 {
  font-size: 22px;
  line-height: 28px;
  font-weight: 700;
}
@media (min-width: 701px) {
  .tp-longread h1 {
    font-size: 24px;
    line-height: 32px;
    font-weight: 700;
  }
}
.tp-longread h2 {
  font-size: 20px;
  line-height: 28px;
  font-weight: 700;
  margin-top: 40px;
}
.tp-longread h3 {
  font-size: 18px;
  line-height: 24px;
  font-weight: 700;
  margin-top: 32px;
}
.tp-longread ol,
.tp-longread ul {
  margin-bottom: 12px;
  margin-left: 24px;
}
.tp-longread ol > li,
.tp-longread ul > li {
  padding-left: 4px;
}
@media (min-width: 482px) {
  .tp-longread ol > li,
  .tp-longread ul > li {
    padding-left: 12px;
  }
}
.tp-longread ul {
  list-style-type: disc;
}
.tp-longread ol {
  list-style-type: decimal;
}
.tp-longread ol,
.tp-longread p,
.tp-longread ul {
  margin-bottom: 20px;
  margin-top: 20px;
}
.tp-longread--spacing {
  padding-top: 48px;
  padding-bottom: 48px;
}
.tp-radio-wrap {
  position: relative;
}
.tp-radio-wrap .tp-label {
  padding-left: 28px;
  font-weight: 400;
  cursor: pointer;
  position: relative;
}
.tp-radio-wrap + .tp-radio-wrap {
  margin-top: 8px;
}
.tp-radio-input {
  position: absolute;
  opacity: 0;
  z-index: -1;
  width: 1px;
  height: 1px;
}
.tp-radio-input ~ .tp-label {
  margin-bottom: 0;
}
.tp-radio-input:focus + .tp-radio-image {
  box-shadow: 0 0 0 4px #e9eced;
}
.tp-radio-input.tp-radio-input--bad-news + .tp-radio-image {
  border-color: #ff5a5f;
}
.tp-radio-input:checked + .tp-radio-image:after {
  content: \\"\\";
  display: block;
  width: 12px;
  height: 12px;
  border-radius: 50%;
}
.tp-radio-input:checked:not(:disabled):not(.tp-radio-input--bad-news)
  + .tp-radio-image {
  border-color: #009fd9;
}
.tp-radio-input:checked:not(:disabled):not(.tp-radio-input--bad-news)
  + .tp-radio-image:after {
  background: #009fd9;
}
.tp-radio-input:checked.tp-radio-input--bad-news + .tp-radio-image:after {
  background: #ff5a5f;
}
.tp-radio-input:checked:disabled + .tp-radio-image:after {
  background: #d3d4d5;
}
.tp-radio-input:disabled + .tp-radio-image {
  background-color: #fafafa;
  border-color: #e9eced;
}
.tp-radio-image {
  width: 20px;
  height: 20px;
  background: #fff;
  border: 2px solid #d3d4d5;
  position: absolute;
  top: 3px;
  left: 0;
  display: flex;
  align-items: center;
  justify-content: center;
  border-radius: 50%;
}
.tp-select {
  -webkit-appearance: none;
  -moz-appearance: none;
  appearance: none;
  border: 1px solid #d3d4d5;
  height: 52px;
  border-radius: 4px;
  font-size: 18px;
  padding-left: 14px;
  padding-right: 54px;
  outline: none;
  cursor: pointer;
  vertical-align: middle;
  background-image: url(\\"data:image/svg+xml;charset=utf-8,%3Csvg fill='%232f3033' xmlns='http://www.w3.org/2000/svg' width='18' height='18' data-thumbprint-id='navigation-caret-down--small'%3E%3Cpath d='M14.646 6.764L9 13 3.311 6.725a1 1 0 011.342-1.482L9 10l4.285-4.699c.2-.187.435-.301.715-.301a1 1 0 011 1c0 .306-.151.537-.354.764z'/%3E%3C/svg%3E\\");
  background-color: #fff;
  background-position: right 16px center;
  background-repeat: no-repeat;
  background-size: auto 18px;
  max-width: 100%;
}
.tp-select:focus {
  border-color: #009fd9;
}
.tp-select--full {
  width: 100%;
}
.tp-select--small {
  font-size: 14px;
  height: 40px;
}
.tp-select--bad-news {
  border-color: #ff5a5f;
  color: #ff5a5f;
  background-image: url(\\"data:image/svg+xml;charset=utf-8,%3Csvg fill='%23ff5a5f' xmlns='http://www.w3.org/2000/svg' width='18' height='18' data-thumbprint-id='navigation-caret-down--small'%3E%3Cpath d='M14.646 6.764L9 13 3.311 6.725a1 1 0 011.342-1.482L9 10l4.285-4.699c.2-.187.435-.301.715-.301a1 1 0 011 1c0 .306-.151.537-.354.764z'/%3E%3C/svg%3E\\");
}
.tp-select::-ms-expand {
  display: none;
}
.tp-select:-moz-focusring {
  color: transparent;
  text-shadow: 0 0 0 #2f3033;
}
.tp-select[disabled] {
  color: #d3d4d5;
  background-color: #fafafa;
  background-image: url(\\"data:image/svg+xml;charset=utf-8,%3Csvg fill='%23d3d4d5' xmlns='http://www.w3.org/2000/svg' width='18' height='18' data-thumbprint-id='navigation-caret-down--small'%3E%3Cpath d='M14.646 6.764L9 13 3.311 6.725a1 1 0 011.342-1.482L9 10l4.285-4.699c.2-.187.435-.301.715-.301a1 1 0 011 1c0 .306-.151.537-.354.764z'/%3E%3C/svg%3E\\");
  cursor: default;
}
.tp-textarea {
  width: 100%;
  border: 1px solid #d3d4d5;
  border-radius: 4px;
  font-size: 16px;
  line-height: 24px;
  padding: 10px 14px;
  vertical-align: middle;
  resize: vertical;
  height: 152px;
  min-height: 104px;
}
.tp-textarea::-webkit-input-placeholder {
  color: #676d73;
}
.tp-textarea::-moz-placeholder {
  color: #676d73;
}
.tp-textarea:-ms-input-placeholder {
  color: #676d73;
}
.tp-textarea:focus {
  color: #2f3033;
  border-color: #009fd9;
}
.tp-textarea--bad-news {
  border-color: #ff5a5f;
  color: #ff5a5f;
}
.tp-textarea--bad-news::-webkit-input-placeholder {
  color: #ff5a5f;
}
.tp-textarea--bad-news::-moz-placeholder {
  color: #ff5a5f;
}
.tp-textarea--bad-news:-ms-input-placeholder {
  color: #ff5a5f;
}
.tp-textarea--disabled,
.tp-textarea[disabled] {
  background-color: #fafafa;
  color: #d3d4d5;
}
.tp-title-1 {
  font-size: 28px;
  line-height: 32px;
  font-weight: 700;
}
@media (min-width: 701px) {
  .tp-title-1 {
    font-size: 40px;
    line-height: 44px;
    font-weight: 700;
  }
}
.tp-title-2 {
  font-size: 24px;
  line-height: 28px;
  font-weight: 700;
}
@media (min-width: 701px) {
  .tp-title-2 {
    font-size: 32px;
    line-height: 40px;
    font-weight: 700;
  }
}
.tp-title-3 {
  font-size: 22px;
  line-height: 28px;
  font-weight: 700;
}
@media (min-width: 701px) {
  .tp-title-3 {
    font-size: 24px;
    line-height: 32px;
    font-weight: 700;
  }
}
.tp-title-4 {
  font-size: 20px;
  line-height: 28px;
  font-weight: 700;
}
.tp-title-5 {
  font-size: 18px;
}
.tp-title-5,
.tp-title-6 {
  line-height: 24px;
  font-weight: 700;
}
.tp-title-6 {
  font-size: 16px;
}
.tp-title-7 {
  font-size: 14px;
  line-height: 20px;
  font-weight: 700;
}
.tp-title-8 {
  font-size: 12px;
  line-height: 18px;
  font-weight: 700;
}
.tp-body-1 {
  font-size: 16px;
  line-height: 24px;
}
.tp-body-2 {
  font-size: 14px;
  line-height: 20px;
}
.tp-body-3 {
  font-size: 12px;
  line-height: 18px;
}
.tp-heading-1 {
  font-size: 32px;
  line-height: 1.3;
  font-weight: 400;
}
@media (min-width: 701px) {
  .tp-heading-1 {
    font-size: 48px;
    line-height: 1.1;
    font-weight: 400;
  }
}
.tp-heading-2 {
  font-size: 30px;
  line-height: 1.3;
  font-weight: 400;
}
@media (min-width: 701px) {
  .tp-heading-2 {
    font-size: 40px;
    line-height: 1.2;
    font-weight: 400;
  }
}
.tp-heading-3 {
  font-size: 24px;
  line-height: 1.4;
  font-weight: 400;
}
@media (min-width: 701px) {
  .tp-heading-3 {
    font-size: 32px;
    line-height: 1.3;
    font-weight: 400;
  }
}
.tp-heading-4 {
  font-size: 20px;
  line-height: 1.4;
  font-weight: 400;
}
@media (min-width: 701px) {
  .tp-heading-4 {
    font-size: 24px;
    line-height: 1.4;
    font-weight: 400;
  }
}
.tp-heading-5 {
  font-size: 16px;
  line-height: 1.6;
  font-weight: 400;
}
@media (min-width: 701px) {
  .tp-heading-5 {
    font-size: 20px;
    line-height: 1.5;
    font-weight: 400;
  }
}
.tp-heading-6 {
  font-size: 14px;
  line-height: 1.6;
  font-weight: 400;
}
@media (min-width: 701px) {
  .tp-heading-6 {
    font-size: 16px;
    line-height: 1.6;
    font-weight: 400;
  }
}
.tp-text-1,
.tp-text-1--static {
  font-size: 20px;
  line-height: 1.6;
}
@media (min-width: 701px) {
  .tp-text-1 {
    font-size: 24px;
    line-height: 1.5;
  }
}
.tp-text-2--static {
  font-size: 16px;
  line-height: 1.6;
}
.tp-text-3--static {
  font-size: 14px;
  line-height: 1.6;
}
.tp-text-4--static {
  font-size: 12px;
  line-height: 1.6;
}
.tp-wrap {
  margin-left: auto;
  margin-right: auto;
  width: 100%;
  max-width: 946px;
  padding-left: 16px;
  padding-right: 16px;
}
@media (min-width: 482px) {
  .tp-wrap {
    padding-left: 32px;
    padding-right: 32px;
  }
}
@media (min-width: 1011px) {
  .tp-wrap {
    padding-left: 0;
    padding-right: 0;
  }
}
.tp-wrap-snap {
  margin-left: auto;
  margin-right: auto;
  width: 100%;
  padding-left: 16px;
  padding-right: 16px;
}
@media (min-width: 482px) {
  .tp-wrap-snap {
    max-width: 449px;
    padding-left: 0;
    padding-right: 0;
  }
}
@media (min-width: 701px) {
  .tp-wrap-snap {
    max-width: 668px;
  }
}
@media (min-width: 1026px) {
  .tp-wrap-snap {
    max-width: 946px;
  }
}
@media (max-width: 481px) {
  .tp-wrap--bleed-below-small {
    padding-left: 0;
    padding-right: 0;
  }
}
"
`;
